// Jest Snapshot v1, https://goo.gl/fbAQLP

exports[`should match snapShot 1`] = `
<div>
  <h1>
    Add Expense
  </h1>
  <ExpenseForm
    onSubmit={[Function]}
  />
</div>
`;
