// Jest Snapshot v1, https://goo.gl/fbAQLP

exports[`should render the expenses Dashboard page correctly  1`] = `
<div>
  <p>
     This is ExpensifyDashboard page.. 
  </p>
  <Connect(ExpensesSummary) />
  <Connect(ExpenseListFilters) />
  <Connect(ExpenseList) />
</div>
`;
