// Jest Snapshot v1, https://goo.gl/fbAQLP

exports[`should render Header component 1`] = `
<header>
  <h2>
    Expensify app
  </h2>
  <NavLink
    activeClassName="isActive"
    aria-current="page"
    exact={true}
    to="/"
  >
    Dashboard.
  </NavLink>
  <NavLink
    activeClassName="isActive"
    aria-current="page"
    to="/create"
  >
    Create Expense.
  </NavLink>
  <NavLink
    activeClassName="isActive"
    aria-current="page"
    to="/help"
  >
    Help
  </NavLink>
</header>
`;
